\BOOKMARK [0][-]{chapter.1}{\376\377\000O\000v\000e\000r\000v\000i\000e\000w}{}% 1
\BOOKMARK [1][-]{section.1.1}{\376\377\000D\000y\000n\000a\000m\000i\000S\000p\000e\000c\000t\000r\000a\000:\000\040\000f\000r\000o\000m\000\040\000m\000o\000l\000e\000c\000u\000l\000a\000r\000\040\000d\000y\000n\000a\000m\000i\000c\000s\000\040\000s\000i\000m\000u\000l\000a\000t\000i\000o\000n\000s\000\040\000t\000o\000\040\000c\000o\000m\000p\000r\000e\000h\000e\000n\000s\000i\000v\000e\000\040\000d\000a\000t\000a\000\040\000a\000n\000a\000l\000y\000s\000i\000s}{chapter.1}% 2
\BOOKMARK [1][-]{section.1.2}{\376\377\000I\000n\000s\000t\000a\000l\000l\000a\000t\000i\000o\000n}{chapter.1}% 3
\BOOKMARK [1][-]{section.1.3}{\376\377\000D\000o\000c\000u\000m\000e\000n\000t\000a\000t\000i\000o\000n}{chapter.1}% 4
\BOOKMARK [1][-]{section.1.4}{\376\377\000D\000e\000m\000o}{chapter.1}% 5
\BOOKMARK [0][-]{chapter.2}{\376\377\000I\000n\000s\000t\000a\000l\000l\000a\000t\000i\000o\000n}{}% 6
\BOOKMARK [0][-]{chapter.3}{\376\377\000I\000n\000p\000u\000t}{}% 7
\BOOKMARK [1][-]{section.3.1}{\376\377\000R\000o\000o\000t\000\040\000M\000e\000a\000n\000\040\000S\000q\000u\000a\000r\000e\000\040\000D\000e\000v\000i\000a\000t\000i\000o\000n}{chapter.3}% 8
\BOOKMARK [1][-]{section.3.2}{\376\377\000R\000o\000o\000t\000\040\000M\000e\000a\000n\000\040\000S\000q\000u\000a\000r\000e\000\040\000F\000l\000u\000c\000t\000u\000a\000t\000i\000o\000n}{chapter.3}% 9
\BOOKMARK [1][-]{section.3.3}{\376\377\000R\000a\000d\000i\000u\000s\000\040\000o\000f\000\040\000G\000y\000r\000a\000t\000i\000o\000n}{chapter.3}% 10
\BOOKMARK [1][-]{section.3.4}{\376\377\000H\000y\000d\000r\000o\000g\000e\000n\000\040\000B\000o\000n\000d\000\040\000A\000n\000a\000l\000y\000s\000i\000s}{chapter.3}% 11
\BOOKMARK [1][-]{section.3.5}{\376\377\000S\000o\000l\000v\000e\000n\000t\000\040\000A\000c\000c\000e\000s\000s\000i\000b\000l\000e\000\040\000S\000u\000r\000f\000a\000c\000e\000\040\000A\000r\000e\000a}{chapter.3}% 12
\BOOKMARK [1][-]{section.3.6}{\376\377\000S\000a\000l\000t\000\040\000B\000r\000i\000d\000g\000e}{chapter.3}% 13
\BOOKMARK [1][-]{section.3.7}{\376\377\000P\000r\000o\000t\000e\000i\000n\040\023\000L\000i\000g\000a\000n\000d\000\040\000C\000o\000n\000t\000a\000c\000t\000s}{chapter.3}% 14
\BOOKMARK [1][-]{section.3.8}{\376\377\000P\000r\000o\000t\000e\000i\000n\040\023\000L\000i\000g\000a\000n\000d\000\040\000M\000i\000n\000i\000m\000u\000m\000\040\000D\000i\000s\000t\000a\000n\000c\000e}{chapter.3}% 15
\BOOKMARK [1][-]{section.3.9}{\376\377\000P\000r\000o\000t\000e\000i\000n\000-\000L\000i\000g\000a\000n\000d\000\040\000H\000y\000d\000r\000o\000p\000h\000o\000b\000i\000c\000\040\000C\000o\000n\000t\000a\000c\000t\000s}{chapter.3}% 16
\BOOKMARK [1][-]{section.3.10}{\376\377\000I\000n\000t\000e\000r\000-\000r\000e\000s\000i\000d\000u\000e\000\040\000D\000i\000s\000t\000a\000n\000c\000e\000\040\000M\000a\000t\000r\000i\000x}{chapter.3}% 17
\BOOKMARK [1][-]{section.3.11}{\376\377\000P\000h\000i\000\040\000a\000n\000d\000\040\000P\000s\000i\000\040\000A\000n\000g\000l\000e\000s}{chapter.3}% 18
\BOOKMARK [1][-]{section.3.12}{\376\377\000R\000o\000t\000a\000m\000e\000r\000s\000\040\000\050\000D\000i\000h\000e\000d\000r\000a\000l\000\040\003\307\0001\000\040\000a\000n\000d\000\040\003\307\0002\000\040\000A\000n\000g\000l\000e\000s\000\051}{chapter.3}% 19
\BOOKMARK [1][-]{section.3.13}{\376\377\000L\000i\000g\000a\000n\000d\000\040\000D\000e\000n\000s\000i\000t\000y}{chapter.3}% 20
\BOOKMARK [1][-]{section.3.14}{\376\377\000L\000i\000g\000a\000n\000d\000\040\000D\000i\000h\000e\000d\000r\000a\000l\000\040\000A\000n\000g\000l\000e\000\040\000A\000n\000a\000l\000y\000s\000i\000s}{chapter.3}% 21
\BOOKMARK [1][-]{section.3.15}{\376\377\000P\000r\000i\000n\000c\000i\000p\000a\000l\000\040\000C\000o\000m\000p\000o\000n\000e\000n\000t\000\040\000A\000n\000a\000l\000y\000s\000i\000s\000\040\000\050\000P\000C\000A\000\051}{chapter.3}% 22
\BOOKMARK [1][-]{section.3.16}{\376\377\000S\000e\000c\000o\000n\000d\000a\000r\000y\000\040\000S\000t\000r\000u\000c\000t\000u\000r\000e\000\040\000P\000r\000o\000b\000a\000b\000i\000l\000i\000t\000y}{chapter.3}% 23
\BOOKMARK [1][-]{section.3.17}{\376\377\000S\000e\000c\000o\000n\000d\000a\000r\000y\000\040\000S\000t\000r\000u\000c\000t\000u\000r\000e\000\040\000F\000r\000a\000c\000t\000i\000o\000n\000s}{chapter.3}% 24
\BOOKMARK [1][-]{section.3.18}{\376\377\000P\000r\000e\000s\000s\000u\000r\000e\000\040\000A\000n\000a\000l\000y\000s\000i\000s}{chapter.3}% 25
\BOOKMARK [1][-]{section.3.19}{\376\377\000T\000e\000m\000p\000e\000r\000a\000t\000u\000r\000e\000\040\000A\000n\000a\000l\000y\000s\000i\000s}{chapter.3}% 26
\BOOKMARK [1][-]{section.3.20}{\376\377\000D\000e\000n\000s\000i\000t\000y\000\040\000A\000n\000a\000l\000y\000s\000i\000s}{chapter.3}% 27
\BOOKMARK [0][-]{chapter.4}{\376\377\000R\000M\000S\000D}{}% 28
\BOOKMARK [1][-]{section.4.1}{\376\377\000O\000v\000e\000r\000v\000i\000e\000w}{chapter.4}% 29
\BOOKMARK [1][-]{section.4.2}{\376\377\000C\000o\000m\000p\000l\000e\000t\000e\000\040\000c\000o\000d\000e}{chapter.4}% 30
\BOOKMARK [0][-]{chapter.5}{\376\377\000R\000M\000S\000F}{}% 31
\BOOKMARK [1][-]{section.5.1}{\376\377\000O\000v\000e\000r\000v\000i\000e\000w}{chapter.5}% 32
\BOOKMARK [1][-]{section.5.2}{\376\377\000C\000o\000m\000p\000l\000e\000t\000e\000\040\000c\000o\000d\000e}{chapter.5}% 33
\BOOKMARK [0][-]{chapter.6}{\376\377\000R\000a\000d\000i\000u\000s\000\040\000o\000f\000\040\000g\000y\000r\000a\000t\000i\000o\000n}{}% 34
\BOOKMARK [1][-]{section.6.1}{\376\377\000O\000v\000e\000r\000v\000i\000e\000w}{chapter.6}% 35
\BOOKMARK [1][-]{section.6.2}{\376\377\000C\000o\000m\000p\000l\000e\000t\000e\000\040\000c\000o\000d\000e}{chapter.6}% 36
\BOOKMARK [0][-]{chapter.7}{\376\377\000H\000y\000d\000r\000o\000g\000e\000n\000\040\000B\000o\000n\000d\000\040\000A\000n\000a\000l\000y\000s\000i\000s}{}% 37
\BOOKMARK [1][-]{section.7.1}{\376\377\000O\000v\000e\000r\000v\000i\000e\000w}{chapter.7}% 38
\BOOKMARK [1][-]{section.7.2}{\376\377\000C\000o\000m\000p\000l\000e\000t\000e\000\040\000c\000o\000d\000e}{chapter.7}% 39
\BOOKMARK [0][-]{chapter.8}{\376\377\000S\000o\000l\000v\000e\000n\000t\000\040\000A\000c\000c\000e\000s\000s\000i\000b\000l\000e\000\040\000S\000u\000r\000f\000a\000c\000e\000\040\000A\000r\000e\000a}{}% 40
\BOOKMARK [1][-]{section.8.1}{\376\377\000O\000v\000e\000r\000v\000i\000e\000w}{chapter.8}% 41
\BOOKMARK [1][-]{section.8.2}{\376\377\000C\000o\000m\000p\000l\000e\000t\000e\000\040\000c\000o\000d\000e}{chapter.8}% 42
\BOOKMARK [0][-]{chapter.9}{\376\377\000S\000a\000l\000t\000\040\000b\000r\000i\000d\000g\000e}{}% 43
\BOOKMARK [1][-]{section.9.1}{\376\377\000O\000v\000e\000r\000v\000i\000e\000w}{chapter.9}% 44
\BOOKMARK [1][-]{section.9.2}{\376\377\000C\000o\000m\000p\000l\000e\000t\000e\000\040\000c\000o\000d\000e}{chapter.9}% 45
\BOOKMARK [0][-]{chapter.10}{\376\377\000P\000r\000o\000t\000e\000i\000n\000-\000L\000i\000g\000a\000n\000d\000\040\000C\000o\000n\000t\000a\000c\000t\000s}{}% 46
\BOOKMARK [1][-]{section.10.1}{\376\377\000O\000v\000e\000r\000v\000i\000e\000w}{chapter.10}% 47
\BOOKMARK [1][-]{section.10.2}{\376\377\000C\000o\000m\000p\000l\000e\000t\000e\000\040\000c\000o\000d\000e}{chapter.10}% 48
\BOOKMARK [0][-]{chapter.11}{\376\377\000P\000r\000o\000t\000e\000i\000n\000-\000L\000i\000g\000a\000n\000d\000\040\000M\000i\000n\000i\000m\000a\000l\000\040\000D\000i\000s\000t\000a\000n\000c\000e}{}% 49
\BOOKMARK [1][-]{section.11.1}{\376\377\000O\000v\000e\000r\000v\000i\000e\000w}{chapter.11}% 50
\BOOKMARK [1][-]{section.11.2}{\376\377\000C\000o\000m\000p\000l\000e\000t\000e\000\040\000c\000o\000d\000e}{chapter.11}% 51
\BOOKMARK [0][-]{chapter.12}{\376\377\000P\000r\000o\000t\000e\000i\000n\040\023\000L\000i\000g\000a\000n\000d\000\040\000H\000y\000d\000r\000o\000p\000h\000o\000b\000i\000c\000\040\000C\000o\000n\000t\000a\000c\000t\000s}{}% 52
\BOOKMARK [1][-]{section.12.1}{\376\377\000O\000v\000e\000r\000v\000i\000e\000w}{chapter.12}% 53
\BOOKMARK [1][-]{section.12.2}{\376\377\000C\000o\000m\000p\000l\000e\000t\000e\000\040\000c\000o\000d\000e}{chapter.12}% 54
\BOOKMARK [0][-]{chapter.13}{\376\377\000I\000n\000t\000e\000r\000-\000r\000e\000s\000i\000d\000u\000e\000\040\000D\000i\000s\000t\000a\000n\000c\000e\000\040\000M\000a\000t\000r\000i\000x}{}% 55
\BOOKMARK [1][-]{section.13.1}{\376\377\000O\000v\000e\000r\000v\000i\000e\000w}{chapter.13}% 56
\BOOKMARK [1][-]{section.13.2}{\376\377\000C\000o\000m\000p\000l\000e\000t\000e\000\040\000c\000o\000d\000e}{chapter.13}% 57
\BOOKMARK [0][-]{chapter.14}{\376\377\000P\000h\000i\000\040\000a\000n\000d\000\040\000P\000s\000i\000\040\000A\000n\000g\000l\000e\000s}{}% 58
\BOOKMARK [1][-]{section.14.1}{\376\377\000O\000v\000e\000r\000v\000i\000e\000w}{chapter.14}% 59
\BOOKMARK [1][-]{section.14.2}{\376\377\000C\000o\000m\000p\000l\000e\000t\000e\000\040\000c\000o\000d\000e}{chapter.14}% 60
\BOOKMARK [0][-]{chapter.15}{\376\377\000R\000o\000t\000a\000m\000e\000r\000s}{}% 61
\BOOKMARK [1][-]{section.15.1}{\376\377\000O\000v\000e\000r\000v\000i\000e\000w}{chapter.15}% 62
\BOOKMARK [1][-]{section.15.2}{\376\377\000C\000o\000m\000p\000l\000e\000t\000e\000\040\000c\000o\000d\000e}{chapter.15}% 63
\BOOKMARK [0][-]{chapter.16}{\376\377\000L\000i\000g\000a\000n\000d\000\040\000D\000e\000n\000s\000i\000t\000y}{}% 64
\BOOKMARK [1][-]{section.16.1}{\376\377\000O\000v\000e\000r\000v\000i\000e\000w}{chapter.16}% 65
\BOOKMARK [1][-]{section.16.2}{\376\377\000C\000o\000m\000p\000l\000e\000t\000e\000\040\000c\000o\000d\000e}{chapter.16}% 66
\BOOKMARK [0][-]{chapter.17}{\376\377\000L\000i\000g\000a\000n\000d\000\040\000A\000n\000g\000l\000e}{}% 67
\BOOKMARK [1][-]{section.17.1}{\376\377\000O\000v\000e\000r\000v\000i\000e\000w}{chapter.17}% 68
\BOOKMARK [1][-]{section.17.2}{\376\377\000C\000o\000m\000p\000l\000e\000t\000e\000\040\000c\000o\000d\000e}{chapter.17}% 69
\BOOKMARK [0][-]{chapter.18}{\376\377\000P\000r\000i\000n\000c\000i\000p\000a\000l\000\040\000C\000o\000m\000p\000o\000n\000e\000n\000t\000\040\000A\000n\000a\000l\000y\000s\000i\000s}{}% 70
\BOOKMARK [1][-]{section.18.1}{\376\377\000O\000v\000e\000r\000v\000i\000e\000w}{chapter.18}% 71
\BOOKMARK [1][-]{section.18.2}{\376\377\000C\000o\000m\000p\000l\000e\000t\000e\000\040\000c\000o\000d\000e}{chapter.18}% 72
\BOOKMARK [0][-]{chapter.19}{\376\377\000S\000e\000c\000o\000n\000d\000a\000r\000y\000\040\000S\000t\000r\000u\000c\000t\000u\000r\000e\000\040\000P\000r\000o\000b\000a\000b\000i\000l\000i\000t\000y}{}% 73
\BOOKMARK [1][-]{section.19.1}{\376\377\000O\000v\000e\000r\000v\000i\000e\000w}{chapter.19}% 74
\BOOKMARK [1][-]{section.19.2}{\376\377\000C\000o\000m\000p\000l\000e\000t\000e\000\040\000c\000o\000d\000e}{chapter.19}% 75
\BOOKMARK [0][-]{chapter.20}{\376\377\000S\000e\000c\000o\000n\000d\000a\000r\000y\000\040\000S\000t\000r\000u\000c\000t\000u\000r\000e\000\040\000F\000r\000a\000c\000t\000i\000o\000n}{}% 76
\BOOKMARK [1][-]{section.20.1}{\376\377\000O\000v\000e\000r\000v\000i\000e\000w}{chapter.20}% 77
\BOOKMARK [1][-]{section.20.2}{\376\377\000C\000o\000m\000p\000l\000e\000t\000e\000\040\000c\000o\000d\000e}{chapter.20}% 78
\BOOKMARK [0][-]{chapter.21}{\376\377\000S\000y\000s\000t\000e\000m\000\040\000P\000r\000e\000s\000s\000u\000r\000e}{}% 79
\BOOKMARK [1][-]{section.21.1}{\376\377\000O\000v\000e\000r\000v\000i\000e\000w}{chapter.21}% 80
\BOOKMARK [1][-]{section.21.2}{\376\377\000C\000o\000m\000p\000l\000e\000t\000e\000\040\000c\000o\000d\000e}{chapter.21}% 81
\BOOKMARK [0][-]{chapter.22}{\376\377\000S\000y\000s\000t\000e\000m\000\040\000T\000e\000m\000p\000e\000r\000a\000t\000u\000r\000e}{}% 82
\BOOKMARK [1][-]{section.22.1}{\376\377\000O\000v\000e\000r\000v\000i\000e\000w}{chapter.22}% 83
\BOOKMARK [1][-]{section.22.2}{\376\377\000C\000o\000m\000p\000l\000e\000t\000e\000\040\000c\000o\000d\000e}{chapter.22}% 84
\BOOKMARK [0][-]{chapter.23}{\376\377\000S\000y\000s\000t\000e\000m\000\040\000D\000e\000n\000s\000i\000t\000y}{}% 85
\BOOKMARK [1][-]{section.23.1}{\376\377\000O\000v\000e\000r\000v\000i\000e\000w}{chapter.23}% 86
\BOOKMARK [1][-]{section.23.2}{\376\377\000C\000o\000m\000p\000l\000e\000t\000e\000\040\000c\000o\000d\000e}{chapter.23}% 87
\BOOKMARK [0][-]{chapter.24}{\376\377\000C\000o\000n\000t\000r\000i\000b\000u\000t\000i\000n\000g}{}% 88
\BOOKMARK [1][-]{section.24.1}{\376\377\000B\000u\000g\000\040\000r\000e\000p\000o\000r\000t\000s}{chapter.24}% 89
\BOOKMARK [1][-]{section.24.2}{\376\377\000D\000o\000c\000u\000m\000e\000n\000t\000a\000t\000i\000o\000n\000\040\000i\000m\000p\000r\000o\000v\000e\000m\000e\000n\000t\000s}{chapter.24}% 90
\BOOKMARK [1][-]{section.24.3}{\376\377\000F\000e\000a\000t\000u\000r\000e\000\040\000r\000e\000q\000u\000e\000s\000t\000s\000\040\000a\000n\000d\000\040\000f\000e\000e\000d\000b\000a\000c\000k}{chapter.24}% 91
\BOOKMARK [0][-]{chapter.25}{\376\377\000A\000u\000t\000h\000o\000r\000s}{}% 92
\BOOKMARK [0][-]{chapter.26}{\376\377\000C\000h\000a\000n\000g\000e\000l\000o\000g}{}% 93
\BOOKMARK [1][-]{section.26.1}{\376\377\0001\000.\0001\000.\0000\000\040\000\050\0002\0000\0002\0005\000-\0000\0007\000-\0000\0008\000\051}{chapter.26}% 94
\BOOKMARK [1][-]{section.26.2}{\376\377\0001\000.\0000\000.\0006\000\040\000\050\0002\0000\0002\0005\000-\0000\0005\000-\0000\0001\000\051}{chapter.26}% 95
\BOOKMARK [0][-]{chapter.27}{\376\377\000I\000n\000d\000i\000c\000e\000s\000\040\000a\000n\000d\000\040\000t\000a\000b\000l\000e\000s}{}% 96
